.next/types/validator.ts(134,39): error TS2307: Cannot find module '../../src/app/(site)/dashboard/wishlist/page.js' or its corresponding type declarations.
src/app/api/orders/route.ts(111,25): error TS2339: Property 'data' does not exist on type '{ email: string; } | null'.
src/app/hub-control/orders/page.tsx(279,54): error TS2353: Object literal may only specify known properties, and 'cancellationRequested' does not exist in type 'Order | ((prevState: Order | null) => Order | null)'.
